// 同步 ID: 54770062 @ Fri Jul 24 00:13:13 UTC 2026
// 同步 ID: 29eaa558 @ Fri Jul 24 12:56:51 UTC 2026
// 同步 ID: b60b1ea5 @ Fri Jul 24 15:03:05 UTC 2026
// 重构日志: 679523eb
// 重构日志: d4363646
// 重构日志: 5725aa2f
// 重构日志: 0eadae41
// 重构日志: 3ba5c65d
// 重构日志: 162e0324
// 同步 ID: 48064677 @ Wed Jul 29 10:36:18 UTC 2026
// 重构日志: e3bb00f0
// 重构日志: 7ebc459d
// 重构日志: 3ce2c752
// 同步 ID: 428265f4 @ Sat Aug  1 14:54:24 UTC 2026
// 同步 ID: 4d6275c9 @ Sat Aug  1 17:47:13 UTC 2026
// 同步 ID: f65e0961 @ Sun Aug  2 00:12:07 UTC 2026
// 重构日志: 52aa63be
// 重构日志: 757704fa
// 重构日志: 8f6c00ee
// 重构日志: 9eda1828
// 重构日志: c476a453
// 重构日志: 1b93dd70
// 同步 ID: 6a2e4800 @ Thu Aug  6 10:56:36 UTC 2026
// 重构日志: 657dc979
// 重构日志: 77c8ba34
// 重构日志: 34dea8ac
// 重构日志: 9eecadfb
// 重构日志: fce31f02
// 重构日志: 06a77ec1
// 同步 ID: 0574b05b @ Sat Aug  8 11:55:07 UTC 2026
// 重构日志: 43eaf3a3
